// Jest Snapshot v1, https://goo.gl/fbAQLP

exports[`RBAC Store Reducer initial state should match a snapshot 1`] = `
Object {
  "permissionCalled": Array [],
  "permissions": Object {},
  "readonlyLockCalled": Array [],
  "readonlyLocks": Object {},
}
`;
