// Jest Snapshot v1, https://goo.gl/fbAQLP

exports[`Top Level App shallow should render correctly: DefaultSnapshot 1`] = `
ShallowWrapper {
  Symbol(enzyme.__root__): [Circular],
  Symbol(enzyme.__unrendered__): <App
    theme="dark"
  />,
  Symbol(enzyme.__renderer__): Object {
    "batchedUpdates": [Function],
    "getNode": [Function],
    "render": [Function],
    "simulateError": [Function],
    "simulateEvent": [Function],
    "unmount": [Function],
  },
  Symbol(enzyme.__node__): Object {
    "instance": null,
    "key": undefined,
    "nodeType": "function",
    "props": Object {
      "children": <Router>
        <Connect(AppServiceRouter)
          path="feature/subscriptions/:subscriptionId/resourcegroups/:resourcegroup/providers/microsoft.web/sites/:siteName/slots/:slotName/*"
        />
        <Connect(AppServiceRouter)
          path="feature/subscriptions/:subscriptionId/resourcegroups/:resourcegroup/providers/microsoft.web/sites/:siteName/*"
        />
        <LandingPage
          path="/*"
        />
      </Router>,
    },
    "ref": null,
    "rendered": Object {
      "instance": null,
      "key": undefined,
      "nodeType": "function",
      "props": Object {
        "children": Array [
          <Connect(AppServiceRouter)
            path="feature/subscriptions/:subscriptionId/resourcegroups/:resourcegroup/providers/microsoft.web/sites/:siteName/slots/:slotName/*"
          />,
          <Connect(AppServiceRouter)
            path="feature/subscriptions/:subscriptionId/resourcegroups/:resourcegroup/providers/microsoft.web/sites/:siteName/*"
          />,
          <LandingPage
            path="/*"
          />,
        ],
      },
      "ref": null,
      "rendered": Array [
        Object {
          "instance": null,
          "key": undefined,
          "nodeType": "class",
          "props": Object {
            "path": "feature/subscriptions/:subscriptionId/resourcegroups/:resourcegroup/providers/microsoft.web/sites/:siteName/slots/:slotName/*",
          },
          "ref": null,
          "rendered": null,
          "type": [Function],
        },
        Object {
          "instance": null,
          "key": undefined,
          "nodeType": "class",
          "props": Object {
            "path": "feature/subscriptions/:subscriptionId/resourcegroups/:resourcegroup/providers/microsoft.web/sites/:siteName/*",
          },
          "ref": null,
          "rendered": null,
          "type": [Function],
        },
        Object {
          "instance": null,
          "key": undefined,
          "nodeType": "function",
          "props": Object {
            "path": "/*",
          },
          "ref": null,
          "rendered": null,
          "type": [Function],
        },
      ],
      "type": [Function],
    },
    "type": [Function],
  },
  Symbol(enzyme.__nodes__): Array [
    Object {
      "instance": null,
      "key": undefined,
      "nodeType": "function",
      "props": Object {
        "children": <Router>
          <Connect(AppServiceRouter)
            path="feature/subscriptions/:subscriptionId/resourcegroups/:resourcegroup/providers/microsoft.web/sites/:siteName/slots/:slotName/*"
          />
          <Connect(AppServiceRouter)
            path="feature/subscriptions/:subscriptionId/resourcegroups/:resourcegroup/providers/microsoft.web/sites/:siteName/*"
          />
          <LandingPage
            path="/*"
          />
        </Router>,
      },
      "ref": null,
      "rendered": Object {
        "instance": null,
        "key": undefined,
        "nodeType": "function",
        "props": Object {
          "children": Array [
            <Connect(AppServiceRouter)
              path="feature/subscriptions/:subscriptionId/resourcegroups/:resourcegroup/providers/microsoft.web/sites/:siteName/slots/:slotName/*"
            />,
            <Connect(AppServiceRouter)
              path="feature/subscriptions/:subscriptionId/resourcegroups/:resourcegroup/providers/microsoft.web/sites/:siteName/*"
            />,
            <LandingPage
              path="/*"
            />,
          ],
        },
        "ref": null,
        "rendered": Array [
          Object {
            "instance": null,
            "key": undefined,
            "nodeType": "class",
            "props": Object {
              "path": "feature/subscriptions/:subscriptionId/resourcegroups/:resourcegroup/providers/microsoft.web/sites/:siteName/slots/:slotName/*",
            },
            "ref": null,
            "rendered": null,
            "type": [Function],
          },
          Object {
            "instance": null,
            "key": undefined,
            "nodeType": "class",
            "props": Object {
              "path": "feature/subscriptions/:subscriptionId/resourcegroups/:resourcegroup/providers/microsoft.web/sites/:siteName/*",
            },
            "ref": null,
            "rendered": null,
            "type": [Function],
          },
          Object {
            "instance": null,
            "key": undefined,
            "nodeType": "function",
            "props": Object {
              "path": "/*",
            },
            "ref": null,
            "rendered": null,
            "type": [Function],
          },
        ],
        "type": [Function],
      },
      "type": [Function],
    },
  ],
  Symbol(enzyme.__options__): Object {
    "adapter": ReactSixteenAdapter {
      "options": Object {
        "enableComponentDidUpdateOnSetState": true,
        "lifecycles": Object {
          "componentDidUpdate": Object {
            "onSetState": true,
          },
          "getDerivedStateFromProps": true,
          "getSnapshotBeforeUpdate": true,
          "setState": Object {
            "skipsComponentDidUpdateOnNullish": true,
          },
        },
      },
    },
  },
}
`;
